// Jest Snapshot v1, https://goo.gl/fbAQLP

exports[`<OwnerList /> renders the component 1`] = `undefined`;
