// Jest Snapshot v1, https://goo.gl/fbAQLP

exports[`<Owner /> renders the component 1`] = `undefined`;
