// Jest Snapshot v1, https://goo.gl/fbAQLP

exports[`<Pet /> renders the component 1`] = `undefined`;
